// Jest Snapshot v1, https://goo.gl/fbAQLP

exports[`head component renders correctly 1`] = `
<head>
  <meta
    charSet="UTF-8"
  />
  <meta
    content="IE=edge"
    httpEquiv="X-UA-Compatible"
  />
  <meta
    content="width=device-width, initial-scale=1"
    name="viewport"
  />
  <title>
    The Secrets of High-Performing DevOps teams
  </title>
  <style />
  <link
    data-testid="fontsHrefTest"
    href="https://fonts.googleapis.com/css?family=Merriweather:400,400i,700,700i|Merriweather+Sans:400,400i,700,700i|Source+Sans+Pro:400,400i,700,700i"
    rel="stylesheet"
  />
</head>
`;
