// Jest Snapshot v1, https://goo.gl/fbAQLP

exports[`mainTitle/index component renders correctly 1`] = `
<h1
  className="mc-toc-title"
  dir="ltr"
  style={
    Object {
      "color": "#111111",
      "display": "block",
      "fontFamily": "\\"Merriweather Sans\\", \\"Helvetica Neue\\", Helvetica, Arial, sans-serif",
      "fontSize": "26px",
      "fontStyle": "normal",
      "fontWeight": "bold",
      "letterSpacing": "normal",
      "lineHeight": "125%",
      "margin": 0,
      "padding": 0,
      "textAlign": "center",
    }
  }
>
  <span
    style={
      Object {
        "fontFamily": "trebuchet ms,lucida grande,lucida sans unicode,lucida sans,tahoma,sans-serif",
      }
    }
  >
    <span
      data-testid="mainTitleChildrenTest"
      style={
        Object {
          "fontSize": "30px",
        }
      }
    >
      <h1>
        Some text
      </h1>
    </span>
  </span>
</h1>
`;
