// Jest Snapshot v1, https://goo.gl/fbAQLP

exports[`copyrights/index component renders correctly 1`] = `
<em
  data-testid="copyTest"
>
  Copyright Â©
  2020
   
  Hacker Noon. All rights reserved.
</em>
`;
