// Jest Snapshot v1, https://goo.gl/fbAQLP

exports[`tableLeft/index component renders correctly 1`] = `
<table
  align="left"
  border={0}
  cellPadding={0}
  cellSpacing={0}
  style={
    Object {
      "WebkitTextSizeAdjust": "100%",
      "borderCollapse": "collapse",
      "display": "inline",
      "msTextSizeAdjust": "100%",
      "msoTableLspace": "0pt",
      "msoTableRspace": "0pt",
    }
  }
>
  <tbody>
    <tr>
      <td
        className="mcnFollowContentItemContainer"
        style={
          Object {
            "WebkitTextSizeAdjust": "100%",
            "msTextSizeAdjust": "100%",
            "msoLineHeightRule": "exactly",
            "paddingBottom": "9px",
            "paddingRight": "10px",
          }
        }
        valign="top"
      >
        <table
          border={0}
          cellPadding={0}
          cellSpacing={0}
          className="mcnFollowContentItem"
          style={
            Object {
              "WebkitTextSizeAdjust": "100%",
              "borderCollapse": "collapse",
              "msTextSizeAdjust": "100%",
              "msoTableLspace": "0pt",
              "msoTableRspace": "0pt",
            }
          }
        >
          <tbody>
            <tr>
              <td
                align="left"
                valign="middle"
              >
                <table
                  align="left"
                  border={0}
                  cellPadding={0}
                  cellSpacing={0}
                  style={
                    Object {
                      "WebkitTextSizeAdjust": "100%",
                      "borderCollapse": "collapse",
                      "msTextSizeAdjust": "100%",
                      "msoTableLspace": "0pt",
                      "msoTableRspace": "0pt",
                    }
                  }
                >
                  <tbody>
                    <tr>
                      <td
                        align="center"
                        className="mcnFollowIconContent"
                        style={
                          Object {
                            "WebkitTextSizeAdjust": "100%",
                            "msTextSizeAdjust": "100%",
                            "msoLineHeightRule": "exactly",
                          }
                        }
                        valign="middle"
                        width={24}
                      >
                        <a
                          data-testid="tableLeftHrefTest"
                          target="_blank"
                        >
                          <img
                            data-testid="tableLeftImgTest"
                            height={24}
                            style={
                              Object {
                                "border": 0,
                                "display": "block",
                                "height": "auto",
                                "msInterpolationMode": "bicubic",
                                "outline": "none",
                                "textDecoration": "none",
                              }
                            }
                            width={24}
                          />
                        </a>
                      </td>
                    </tr>
                  </tbody>
                </table>
              </td>
            </tr>
          </tbody>
        </table>
      </td>
    </tr>
  </tbody>
</table>
`;
