// Jest Snapshot v1, https://goo.gl/fbAQLP

exports[`fonts/index component renders correctly 1`] = `
<link
  data-testid="fontsHrefTest"
  href="https://fonts.googleapis.com/css?family=Merriweather:400,400i,700,700i|Merriweather+Sans:400,400i,700,700i|Source+Sans+Pro:400,400i,700,700i"
  rel="stylesheet"
/>
`;
