// Jest Snapshot v1, https://goo.gl/fbAQLP

exports[`newslatter/index component renders correctly 1`] = `
<div
  style={
    Object {
      "textAlign": "center",
    }
  }
>
  <br />
  <a
    data-testid="newslatterHrefTest"
    href="https://sponsor.hackernoon.com/contact"
    style={
      Object {
        "MsTextSizeAdjust": "100%",
        "WebkitTextSizeAdjust": "100%",
        "color": "#656565",
        "fontWeight": "normal",
        "msoLineHeightRule": "exactly",
        "textDecoration": "underline",
      }
    }
    target="_blank"
  >
    Click Here To Sponsor A Newsletter by Hacker Noon
  </a>
</div>
`;
